[debug] [2026-05-28T15:27:54.044Z] ----------------------------------------------------------------------
[debug] [2026-05-28T15:27:54.046Z] Command:       C:\Program Files\nodejs\node.exe C:\Users\Yasin Designer\AppData\Roaming\npm\node_modules\firebase-tools\lib\bin\firebase.js init hosting
[debug] [2026-05-28T15:27:54.046Z] CLI Version:   15.19.0
[debug] [2026-05-28T15:27:54.047Z] Platform:      win32
[debug] [2026-05-28T15:27:54.047Z] Node Version:  v24.16.0
[debug] [2026-05-28T15:27:54.047Z] Time:          Thu May 28 2026 20:57:54 GMT+0530 (India Standard Time)
[debug] [2026-05-28T15:27:54.047Z] ----------------------------------------------------------------------
[debug] 
[debug] [2026-05-28T15:27:54.049Z] >>> [apiv2][query] GET https://firebase-public.firebaseio.com/cli.json [none]
[info] 
     ######## #### ########  ######## ########     ###     ######  ########
     ##        ##  ##     ## ##       ##     ##  ##   ##  ##       ##
     ######    ##  ########  ######   ########  #########  ######  ######
     ##        ##  ##    ##  ##       ##     ## ##     ##       ## ##
     ##       #### ##     ## ######## ########  ##     ##  ######  ########

You're about to initialize a Firebase project in this directory:

  C:\test

Before we get started, keep in mind:

  * You are currently outside your home directory
  * You are initializing within an existing Firebase project directory

[debug] [2026-05-28T15:27:55.692Z] <<< [apiv2][status] GET https://firebase-public.firebaseio.com/cli.json 200
[debug] [2026-05-28T15:27:55.692Z] <<< [apiv2][body] GET https://firebase-public.firebaseio.com/cli.json {"cloudBuildErrorAfter":1594252800000,"cloudBuildWarnAfter":1590019200000,"defaultNode10After":1594252800000,"minVersion":"3.0.5","node8DeploysDisabledAfter":1613390400000,"node8RuntimeDisabledAfter":1615809600000,"node8WarnAfter":1600128000000}
[info] 
=== Project Setup
[info] 
[info] First, let's associate this project directory with a Firebase project.
[info] You can create multiple project aliases by running firebase use --add, 
[info] 
[debug] [2026-05-28T15:28:07.087Z] > command requires scopes: ["email","openid","https://www.googleapis.com/auth/cloudplatformprojects.readonly","https://www.googleapis.com/auth/firebase","https://www.googleapis.com/auth/cloud-platform"]
[debug] [2026-05-28T15:28:07.087Z] > authorizing via signed-in user (kabirsayed.k@gmail.com)
[debug] [2026-05-28T15:28:07.088Z] Checked if tokens are valid: false, expires at: 1776173365217
[debug] [2026-05-28T15:28:07.088Z] Checked if tokens are valid: false, expires at: 1776173365217
[debug] [2026-05-28T15:28:07.089Z] > refreshing access token with scopes: []
[debug] [2026-05-28T15:28:07.089Z] >>> [apiv2][query] POST https://www.googleapis.com/oauth2/v3/token [none]
[debug] [2026-05-28T15:28:07.090Z] >>> [apiv2][body] POST https://www.googleapis.com/oauth2/v3/token [omitted]
[debug] [2026-05-28T15:28:07.210Z] <<< [apiv2][status] POST https://www.googleapis.com/oauth2/v3/token 200
[debug] [2026-05-28T15:28:07.210Z] <<< [apiv2][body] POST https://www.googleapis.com/oauth2/v3/token [omitted]
[debug] [2026-05-28T15:28:07.214Z] >>> [apiv2][query] GET https://firebase.googleapis.com/v1beta1/projects pageSize=100
[debug] [2026-05-28T15:28:07.895Z] <<< [apiv2][status] GET https://firebase.googleapis.com/v1beta1/projects 200
[debug] [2026-05-28T15:28:07.895Z] <<< [apiv2][body] GET https://firebase.googleapis.com/v1beta1/projects [omitted]
[info] 
=== Hosting Setup
[debug] [2026-05-28T15:28:12.519Z] Checked if tokens are valid: true, expires at: 1779985686210
[debug] [2026-05-28T15:28:12.519Z] Checked if tokens are valid: true, expires at: 1779985686210
[debug] [2026-05-28T15:28:12.519Z] >>> [apiv2][query] GET https://firebase.googleapis.com/v1beta1/projects/micro-cacao-476415-r3 [none]
[debug] [2026-05-28T15:28:12.907Z] <<< [apiv2][status] GET https://firebase.googleapis.com/v1beta1/projects/micro-cacao-476415-r3 200
[debug] [2026-05-28T15:28:12.907Z] <<< [apiv2][body] GET https://firebase.googleapis.com/v1beta1/projects/micro-cacao-476415-r3 {"projectId":"micro-cacao-476415-r3","projectNumber":"530480286791","displayName":"KeyGen","name":"projects/micro-cacao-476415-r3","resources":{"hostingSite":"micro-cacao-476415-r3"},"state":"ACTIVE","etag":"1_296f9317-1942-4263-b9b8-97c478f35242"}
[info] 
[info] Your public directory is the folder (relative to your project directory) that
[info] will contain Hosting assets to be uploaded with firebase deploy. If you
[info] have a build process for your assets, use your build's output directory.
[info] 
[info] 
[info] i  Didn't detect a .git folder. Assuming C:\test is the project root. 
[info] i  Authorizing with GitHub to upload your service account to a GitHub repository's secrets store. 
[info] 
[info] Visit this URL on this device to log in:
[info] https://github.com/login/oauth/authorize?client_id=89cf50f02ac6aaed3484&state=741322203&redirect_uri=http%3A%2F%2Flocalhost%3A9005&scope=read%3Auser%20repo%20public_repo
[info] 
[info] Waiting for authentication...
[debug] [2026-05-28T15:28:51.485Z] >>> [apiv2][query] POST https://github.com/login/oauth/access_token [none]
[debug] [2026-05-28T15:28:51.485Z] >>> [apiv2][body] POST https://github.com/login/oauth/access_token [stream]
[debug] [2026-05-28T15:28:51.818Z] <<< [apiv2][status] POST https://github.com/login/oauth/access_token 200
[debug] [2026-05-28T15:28:51.818Z] <<< [apiv2][body] POST https://github.com/login/oauth/access_token {"access_token":"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","token_type":"bearer","scope":"read:user,repo"}
[debug] [2026-05-28T15:28:51.821Z] >>> [apiv2][query] GET https://api.github.com/user [none]
[debug] [2026-05-28T15:28:52.200Z] <<< [apiv2][status] GET https://api.github.com/user 200
[debug] [2026-05-28T15:28:52.200Z] <<< [apiv2][body] GET https://api.github.com/user {"login":"kabirprokk","id":233600899,"node_id":"U_kgDODex3gw","avatar_url":"https://avatars.githubusercontent.com/u/233600899?v=4","gravatar_id":"","url":"https://api.github.com/users/kabirprokk","html_url":"https://github.com/kabirprokk","followers_url":"https://api.github.com/users/kabirprokk/followers","following_url":"https://api.github.com/users/kabirprokk/following{/other_user}","gists_url":"https://api.github.com/users/kabirprokk/gists{/gist_id}","starred_url":"https://api.github.com/users/kabirprokk/starred{/owner}{/repo}","subscriptions_url":"https://api.github.com/users/kabirprokk/subscriptions","organizations_url":"https://api.github.com/users/kabirprokk/orgs","repos_url":"https://api.github.com/users/kabirprokk/repos","events_url":"https://api.github.com/users/kabirprokk/events{/privacy}","received_events_url":"https://api.github.com/users/kabirprokk/received_events","type":"User","user_view_type":"private","site_admin":false,"name":null,"company":null,"blog":"","location":null,"email":null,"hireable":null,"bio":null,"twitter_username":null,"notification_email":null,"public_repos":10,"public_gists":0,"followers":0,"following":0,"created_at":"2025-09-21T15:51:53Z","updated_at":"2025-09-21T15:51:53Z","private_gists":0,"total_private_repos":0,"owned_private_repos":0,"disk_usage":9308,"collaborators":0,"two_factor_authentication":false,"plan":{"name":"free","space":976562499,"collaborators":0,"private_repos":10000}}
[info] 
[info] +  Success! Logged into GitHub as kabirprokk 
[info] 
